// Jest Snapshot v1, https://goo.gl/fbAQLP

exports[`amplify migration test auth ...should add auth with max options and work on the latest version 1`] = `
"IAM Statement Changes
┌───┬────────────────────────────────────────────────────────────────────────────────────────────────────────────────────────────────────────────────────┬────────┬──────────────────────┬────────────────────────────┬───────────┐
│   │ Resource                                                                                                                                           │ Effect │ Action               │ Principal                  │ Condition │
├───┼────────────────────────────────────────────────────────────────────────────────────────────────────────────────────────────────────────────────────┼────────┼──────────────────────┼────────────────────────────┼───────────┤
│ - │ {\\"Fn::Sub\\":[\\"arn:aws:logs:\${AWS::Region}:\${AWS::AccountId}:log-group:/aws/lambda/\${lambdaName}:log-stream:*\\",{\\"lambdaName\\":\\"\${RoleMapFunction}\\"}]} │ Allow  │ logs:CreateLogGroup  │ AWS:\${LambdaExecutionRole} │           │
│   │                                                                                                                                                    │        │ logs:CreateLogStream │                            │           │
│   │                                                                                                                                                    │        │ logs:PutLogEvents    │                            │           │
└───┴────────────────────────────────────────────────────────────────────────────────────────────────────────────────────────────────────────────────────┴────────┴──────────────────────┴────────────────────────────┴───────────┘
(NOTE: There may be security-related changes not in this list. See https://github.com/aws/aws-cdk/issues/1299)

Resources
[-] AWS::IAM::Role LambdaExecutionRole destroy
[-] AWS::Lambda::Function RoleMapFunction destroy
[-] AWS::IAM::Policy LambdaCloudWatchPolicy destroy
[-] Custom::LambdaCallout RoleMapFunctionInput destroy

IAM Statement Changes
┌───┬────────────────────────────────────────────────────────────────────────────────────────────────────────────────────────────────────────────────────────────────────────────────────────────────────────┬────────┬────────────────────────────────────┬───────────────────────────┬───────────┐
│   │ Resource                                                                                                                                                                                               │ Effect │ Action                             │ Principal                 │ Condition │
├───┼────────────────────────────────────────────────────────────────────────────────────────────────────────────────────────────────────────────────────────────────────────────────────────────────────────┼────────┼────────────────────────────────────┼───────────────────────────┼───────────┤
│ - │ \${UserPool.Arn}                                                                                                                                                                                        │ Allow  │ cognito-idp:DescribeUserPoolClient │ AWS:\${UserPoolClientRole} │           │
│ - │ \${UserPool.Arn}                                                                                                                                                                                        │ Allow  │ cognito-idp:CreateUserPoolDomain   │ AWS:\${UserPoolClientRole} │           │
│   │                                                                                                                                                                                                        │        │ cognito-idp:DeleteUserPoolDomain   │                           │           │
│   │                                                                                                                                                                                                        │        │ cognito-idp:DescribeUserPool       │                           │           │
│ - │ \${UserPool.Arn}                                                                                                                                                                                        │ Allow  │ cognito-idp:CreateIdentityProvider │ AWS:\${UserPoolClientRole} │           │
│   │                                                                                                                                                                                                        │        │ cognito-idp:DeleteIdentityProvider │                           │           │
│   │                                                                                                                                                                                                        │        │ cognito-idp:ListIdentityProviders  │                           │           │
│   │                                                                                                                                                                                                        │        │ cognito-idp:UpdateIdentityProvider │                           │           │
│ - │ \${UserPool.Arn}                                                                                                                                                                                        │ Allow  │ cognito-idp:UpdateUserPoolClient   │ AWS:\${UserPoolClientRole} │           │
├───┼────────────────────────────────────────────────────────────────────────────────────────────────────────────────────────────────────────────────────────────────────────────────────────────────────────┼────────┼────────────────────────────────────┼───────────────────────────┼───────────┤
│ - │ *                                                                                                                                                                                                      │ Allow  │ cognito-idp:DescribeUserPoolDomain │ AWS:\${UserPoolClientRole} │           │
│ - │ *                                                                                                                                                                                                      │ Allow  │ cognito-idp:DescribeUserPoolDomain │ AWS:\${UserPoolClientRole} │           │
├───┼────────────────────────────────────────────────────────────────────────────────────────────────────────────────────────────────────────────────────────────────────────────────────────────────────────┼────────┼────────────────────────────────────┼───────────────────────────┼───────────┤
│ - │ {\\"Fn::Sub\\":[\\"arn:aws:logs:\${region}:\${account}:log-group:/aws/lambda/\${lambda}:log-stream:*\\",{\\"region\\":\\"\${AWS::Region}\\",\\"account\\":\\"\${AWS::AccountId}\\",\\"lambda\\":\\"\${HostedUICustomResource}\\"}]}          │ Allow  │ logs:CreateLogGroup                │ AWS:\${UserPoolClientRole} │           │
│   │                                                                                                                                                                                                        │        │ logs:CreateLogStream               │                           │           │
│   │                                                                                                                                                                                                        │        │ logs:PutLogEvents                  │                           │           │
├───┼────────────────────────────────────────────────────────────────────────────────────────────────────────────────────────────────────────────────────────────────────────────────────────────────────────┼────────┼────────────────────────────────────┼───────────────────────────┼───────────┤
│ - │ {\\"Fn::Sub\\":[\\"arn:aws:logs:\${region}:\${account}:log-group:/aws/lambda/\${lambda}:log-stream:*\\",{\\"region\\":\\"\${AWS::Region}\\",\\"account\\":\\"\${AWS::AccountId}\\",\\"lambda\\":\\"\${HostedUIProvidersCustomResource}\\"}]} │ Allow  │ logs:CreateLogGroup                │ AWS:\${UserPoolClientRole} │           │
│   │                                                                                                                                                                                                        │        │ logs:CreateLogStream               │                           │           │
│   │                                                                                                                                                                                                        │        │ logs:PutLogEvents                  │                           │           │
├───┼────────────────────────────────────────────────────────────────────────────────────────────────────────────────────────────────────────────────────────────────────────────────────────────────────────┼────────┼────────────────────────────────────┼───────────────────────────┼───────────┤
│ - │ {\\"Fn::Sub\\":[\\"arn:aws:logs:\${region}:\${account}:log-group:/aws/lambda/\${lambda}:log-stream:*\\",{\\"region\\":\\"\${AWS::Region}\\",\\"account\\":\\"\${AWS::AccountId}\\",\\"lambda\\":\\"\${OAuthCustomResource}\\"}]}             │ Allow  │ logs:CreateLogGroup                │ AWS:\${UserPoolClientRole} │           │
│   │                                                                                                                                                                                                        │        │ logs:CreateLogStream               │                           │           │
│   │                                                                                                                                                                                                        │        │ logs:PutLogEvents                  │                           │           │
├───┼────────────────────────────────────────────────────────────────────────────────────────────────────────────────────────────────────────────────────────────────────────────────────────────────────────┼────────┼────────────────────────────────────┼───────────────────────────┼───────────┤
│ - │ {\\"Fn::Sub\\":[\\"arn:aws:logs:\${region}:\${account}:log-group:/aws/lambda/\${lambda}:log-stream:*\\",{\\"region\\":\\"\${AWS::Region}\\",\\"account\\":\\"\${AWS::AccountId}\\",\\"lambda\\":\\"\${UserPoolClientLambda}\\"}]}            │ Allow  │ logs:CreateLogGroup                │ AWS:\${UserPoolClientRole} │           │
│   │                                                                                                                                                                                                        │        │ logs:CreateLogStream               │                           │           │
│   │                                                                                                                                                                                                        │        │ logs:PutLogEvents                  │                           │           │
└───┴────────────────────────────────────────────────────────────────────────────────────────────────────────────────────────────────────────────────────────────────────────────────────────────────────────┴────────┴────────────────────────────────────┴───────────────────────────┴───────────┘
(NOTE: There may be security-related changes not in this list. See https://github.com/aws/aws-cdk/issues/1299)

Parameters
[-] Parameter facebookAppId: {\\"Type\\":\\"String\\"}
[-] Parameter googleClientId: {\\"Type\\":\\"String\\"}
[-] Parameter amazonAppId: {\\"Type\\":\\"String\\"}
[-] Parameter appleAppId: {\\"Type\\":\\"String\\"}
[~] Parameter hostedUIProviderCreds: {\\"Type\\":\\"String\\"} to {\\"Type\\":\\"String\\",\\"NoEcho\\":true}

Conditions
[-] Condition ShouldOutputAppClientSecrets: {\\"Fn::Equals\\":[{\\"Ref\\":\\"userpoolClientGenerateSecret\\"},true]}

Resources
[-] AWS::Lambda::Function UserPoolClientLambda destroy
[-] AWS::IAM::Policy UserPoolClientLambdaPolicy destroy
[-] AWS::IAM::Policy UserPoolClientLogPolicy destroy
[-] Custom::LambdaCallout UserPoolClientInputs destroy
[-] AWS::Lambda::Function HostedUICustomResource destroy
[-] AWS::IAM::Policy HostedUICustomResourcePolicy destroy
[-] AWS::IAM::Policy HostedUICustomResourceLogPolicy destroy
[-] Custom::LambdaCallout HostedUICustomResourceInputs destroy
[-] AWS::Lambda::Function OAuthCustomResource destroy
[-] AWS::IAM::Policy OAuthCustomResourcePolicy destroy
[-] AWS::IAM::Policy OAuthCustomResourceLogPolicy destroy
[-] Custom::LambdaCallout OAuthCustomResourceInputs destroy
[+] AWS::Cognito::UserPoolDomain HostedUIDomainResource 
[~] AWS::Cognito::UserPoolClient UserPoolClientWeb 
 ├─ [+] AllowedOAuthFlows
 │   └─ [\\"code\\"]
 ├─ [+] AllowedOAuthFlowsUserPoolClient
 │   └─ true
 ├─ [+] AllowedOAuthScopes
 │   └─ [\\"phone\\",\\"email\\",\\"openid\\",\\"profile\\",\\"aws.cognito.signin.user.admin\\"]
 ├─ [+] CallbackURLs
 │   └─ [\\"https://signin1/\\"]
 ├─ [+] LogoutURLs
 │   └─ [\\"https://signout1/\\"]
 ├─ [+] SupportedIdentityProviders
 │   └─ [\\"Facebook\\",\\"Google\\",\\"LoginWithAmazon\\",\\"SignInWithApple\\",\\"COGNITO\\"]
 └─ [~] DependsOn
     └─ @@ -1,3 +1,4 @@
        [ ] [
        [+]   \\"HostedUIProvidersCustomResourceInputs\\",
        [ ]   \\"UserPool\\"
        [ ] ]
[~] AWS::Cognito::UserPoolClient UserPoolClient 
 ├─ [+] AllowedOAuthFlows
 │   └─ [\\"code\\"]
 ├─ [+] AllowedOAuthFlowsUserPoolClient
 │   └─ true
 ├─ [+] AllowedOAuthScopes
 │   └─ [\\"phone\\",\\"email\\",\\"openid\\",\\"profile\\",\\"aws.cognito.signin.user.admin\\"]
 ├─ [+] CallbackURLs
 │   └─ [\\"https://signin1/\\"]
 ├─ [+] LogoutURLs
 │   └─ [\\"https://signout1/\\"]
 └─ [+] SupportedIdentityProviders
     └─ [\\"Facebook\\",\\"Google\\",\\"LoginWithAmazon\\",\\"SignInWithApple\\",\\"COGNITO\\"]
[~] AWS::IAM::Role UserPoolClientRole 
 └─ [-] DependsOn
     └─ [\\"UserPoolClient\\"]
[~] AWS::Cognito::IdentityPool IdentityPool 
 └─ [-] DependsOn
     └─ [\\"UserPoolClientInputs\\"]
[~] AWS::Cognito::IdentityPoolRoleAttachment IdentityPoolRoleMap 
 ├─ [+] RoleMappings
 │   └─ {\\"UserPoolClientRoleMapping\\":{\\"AmbiguousRoleResolution\\":\\"AuthenticatedRole\\",\\"IdentityProvider\\":{\\"Fn::Sub\\":[\\"cognito-idp.\${region}.amazonaws.com/\${userPool}:\${client}\\",{\\"region\\":{\\"Ref\\":\\"AWS::Region\\"},\\"userPool\\":{\\"Ref\\":\\"UserPool\\"},\\"client\\":{\\"Ref\\":\\"UserPoolClient\\"}}]},\\"Type\\":\\"Token\\"},\\"UserPoolWebClientRoleMapping\\":{\\"AmbiguousRoleResolution\\":\\"AuthenticatedRole\\",\\"IdentityProvider\\":{\\"Fn::Sub\\":[\\"cognito-idp.\${region}.amazonaws.com/\${userPool}:\${webClient}\\",{\\"region\\":{\\"Ref\\":\\"AWS::Region\\"},\\"userPool\\":{\\"Ref\\":\\"UserPool\\"},\\"webClient\\":{\\"Ref\\":\\"UserPoolClientWeb\\"}}]},\\"Type\\":\\"Token\\"}}
 └─ [~] DependsOn
     └─ @@ -1,3 +1,5 @@
        [ ] [
        [-]   \\"IdentityPool\\"
        [+]   \\"IdentityPool\\",
        [+]   \\"UserPoolClient\\",
        [+]   \\"UserPoolClientWeb\\"
        [ ] ]

Outputs
[-] Output AppClientSecret: {\\"Value\\":{\\"Fn::GetAtt\\":[\\"UserPoolClientInputs\\",\\"appSecret\\"]},\\"Condition\\":\\"ShouldOutputAppClientSecrets\\"}
[-] Output GoogleWebClient: {\\"Value\\":{\\"Ref\\":\\"googleClientId\\"}}
[-] Output FacebookWebClient: {\\"Value\\":{\\"Ref\\":\\"facebookAppId\\"}}
[-] Output AmazonWebClient: {\\"Value\\":{\\"Ref\\":\\"amazonAppId\\"}}
[-] Output AppleWebClient: {\\"Value\\":{\\"Ref\\":\\"appleAppId\\"}}

"
`;
