// Jest Snapshot v1, https://goo.gl/fbAQLP

exports[`geo category migration from v10 to latest ...pull and push should not drift with new amplify version 1`] = `""`;

exports[`geo category migration from v10 to latest ...pull and push should not drift with new amplify version 2`] = `""`;
