// Jest Snapshot v1, https://goo.gl/fbAQLP

exports[`api migration update test d updates AppSync API in headless mode 1`] = `
{
  "ElasticsearchWarning": true,
  "ResolverConfig": {
    "project": {
      "ConflictDetection": "VERSION",
      "ConflictHandler": "OPTIMISTIC_CONCURRENCY",
    },
  },
  "Version": 5,
}
`;

exports[`api migration update test d updates AppSync API in headless mode 2`] = `
{
  "additionalAuthenticationProviders": [
    {
      "apiKeyConfig": {},
      "authenticationType": "API_KEY",
    },
  ],
  "defaultAuthentication": {
    "authenticationType": "AWS_IAM",
  },
}
`;

exports[`api migration update test d updates AppSync API in headless mode 3`] = `
"type Todo @model {
  id: ID!
  content: String
  override: String
}
"
`;
